2026-08-16 22:37:45 [INFO] Starting R4 formal soil-state statistics build...
2026-08-16 22:37:45 [INFO] Project root: /home/jingxin/orca/workspaces/dmg-research/hydrodiag-R4-exp/project/hydrodiag
2026-08-16 22:37:45 [INFO] Data root: /mnt/f/python/generic_deltamodel/data
2026-08-16 22:37:45 [INFO] Results root: /home/jingxin/code/dmg-research/project/hydrodiag/results
2026-08-16 22:37:45 [INFO] Device: cuda
2026-08-16 22:37:45 [INFO] Caravan soil cache found: /home/jingxin/code/dmg-research/project/hydrodiag/results/r4_caravan_soil_reference_v1/caravan_soil_ensemble.npz (32.57 MB)
2026-08-16 22:37:45 [INFO] Executing formal Base vs CN soil-state consistency analysis...
2026-08-16 22:47:33 [INFO] Soil consistency analysis complete. Tag: OFFICIAL
2026-08-16 22:47:33 [INFO] Executing full suite of 4 robustness modules...
2026-08-16 22:49:08 [INFO] Robustness checks complete. Verdict: R4_ROBUSTNESS_COMPLETE
2026-08-16 22:49:08 [INFO] Successfully generated 12 figure-ready tables and 2 JSON reports in /home/jingxin/code/dmg-research/project/hydrodiag/results/r4_phase1_soil_official/:
2026-08-16 22:49:08 [INFO]   [Table] basin_state_consistency.csv                (3186 rows)
2026-08-16 22:49:08 [INFO]   [Table] paired_structural_effects.csv              (1593 rows)
2026-08-16 22:49:08 [INFO]   [Table] robustness_controlled_regressions.csv      (12 rows)
2026-08-16 22:49:08 [INFO]   [Table] robustness_extreme_swe_trimming.csv        (9 rows)
2026-08-16 22:49:08 [INFO]   [Table] robustness_leave_one_region_out.csv        (45 rows)
2026-08-16 22:49:08 [INFO]   [Table] robustness_performance_subsets.csv         (9 rows)
2026-08-16 22:49:08 [INFO]   [Table] robustness_process_phase_consistency.csv   (4191 rows)
2026-08-16 22:49:08 [INFO]   [Table] robustness_swe_decile_shape.csv            (30 rows)
2026-08-16 22:49:08 [INFO]   [Table] robustness_timing_sensitivity.csv          (12 rows)
2026-08-16 22:49:08 [INFO]   [Table] snow_burden_quartile_summary.csv           (12 rows)
2026-08-16 22:49:08 [INFO]   [Table] timing_metrics_basin_summary.csv           (3186 rows)
2026-08-16 22:49:08 [INFO]   [Table] timing_metrics_basin_year.csv              (47790 rows)
2026-08-16 22:49:08 [INFO]   [Report] r4_phase1_soil_official_report.json
2026-08-16 22:49:08 [INFO]   [Report] r4_robustness_report.json
2026-08-16 22:49:08 [INFO] R4 build completed successfully. Ready for manuscript table & figure generation.
================================================================================
R4 FORMAL REAL-BASIN SOIL-WATER STATE CONSISTENCY ANALYSIS
================================================================================
Loaded Caravan soil reference: 531 basins x 5479 test days (1995-10-01 .. 2010-09-30)

Processing regime: dPL_seed42 (tag=OFFICIAL_DPL_OBSERVATION_TRAINED)...

Processing regime: dPL_seed123 (tag=OFFICIAL_DPL_OBSERVATION_TRAINED)...

Processing regime: IC_fused (tag=IC_FUSED_5x200_SENSITIVITY)...

Saved all figure-ready tables and JSON report to /home/jingxin/code/dmg-research/project/hydrodiag/results/r4_phase1_soil_official/
================================================================================
RUNNING FINAL R4 ROBUSTNESS CHECKS & EVIDENCE SYNTHESIS
================================================================================

[Robustness] Executing checks for dPL_seed42...

[Robustness] Executing checks for dPL_seed123...

[Robustness] Executing checks for IC_fused...

All robustness tables and master report written to /home/jingxin/code/dmg-research/project/hydrodiag/results/r4_phase1_soil_official/
